[WebServer] (node:49481) Warning: The 'NO_COLOR' env is ignored due to the 'FORCE_COLOR' env being set.
[WebServer] (Use `node --trace-warnings ...` to show where the warning was created)


Running 28 tests using 1 worker

(node:49483) Warning: The 'NO_COLOR' env is ignored due to the 'FORCE_COLOR' env being set.
(Use `node --trace-warnings ...` to show where the warning was created)


[1/28] [chromium] › e2e/commands.spec.js:34:1 › 无模型也能使用帮助，未知指令不会发送，附件保留
[2/28] [chromium] › e2e/commands.spec.js:50:1 › 补全、中文搜索、参数选择、恢复跟随配置
[3/28] [chromium] › e2e/commands.spec.js:63:1 › 模型重名要求选择供应商，禁用模型隐藏，快捷参数与按钮一致
[4/28] [chromium] › e2e/commands.spec.js:81:1 › 部分模型名不会自动执行，无效参数保持输入
[5/28] [chromium] › e2e/commands.spec.js:92:1 › 压缩首次补全不执行，重复请求受阻，新草稿不会被清除
[6/28] [chromium] › e2e/commands.spec.js:108:1 › 空历史保留指令
[7/28] [chromium] › e2e/commands.spec.js:114:1 › 字面量、多行和正文斜杠进入普通消息，指令不进入 Prompt 或标题
[8/28] [chromium] › e2e/commands.spec.js:130:1 › 生成期间配置修改只影响下一次请求，停止按钮保持原行为
[9/28] [chromium] › e2e/commands.spec.js:148:1 › 输入法确认不会执行指令，关闭和会话切换保留草稿
[10/28] [chromium] › e2e/commands.spec.js:162:3 › 指令面板 light 1280 无溢出且 panel 悬停稳定
[11/28] [chromium] › e2e/commands.spec.js:162:3 › 指令面板 light 1024 无溢出且 panel 悬停稳定
[12/28] [chromium] › e2e/commands.spec.js:162:3 › 指令面板 light 390 无溢出且 panel 悬停稳定
[13/28] [chromium] › e2e/commands.spec.js:162:3 › 指令面板 dark 1280 无溢出且 panel 悬停稳定
[14/28] [chromium] › e2e/commands.spec.js:162:3 › 指令面板 dark 1024 无溢出且 panel 悬停稳定
[15/28] [chromium] › e2e/commands.spec.js:162:3 › 指令面板 dark 390 无溢出且 panel 悬停稳定
[16/28] [chromium] › e2e/commands.spec.js:182:1 › 发送准备时切换按钮模型，自动压缩和随后发送仍使用原请求快照
[17/28] [chromium] › e2e/commands.spec.js:203:1 › 压缩失败保留指令和附件且不创建普通指令消息
[18/28] [chromium] › e2e/commands.spec.js:214:1 › 异步压缩完成后不修改其他会话草稿
[19/28] [chromium] › e2e/commands.spec.js:226:1 › 参数 Tab 只补全，方向键 Enter 选择，点击外部保留输入
[20/28] [chromium] › e2e/commands.spec.js:242:3 › 空状态 offline 准确引导
[21/28] [chromium] › e2e/commands.spec.js:242:3 › 空状态 unconfigured 准确引导
[22/28] [chromium] › e2e/commands.spec.js:242:3 › 空状态 ready 准确引导
[23/28] [chromium] › e2e/commands.spec.js:250:1 › 重名模型的显式选择列表可按 Enter 确认
[24/28] [chromium] › e2e/commands.spec.js:258:1 › 帮助支持键盘滚动并在 Escape 后恢复输入焦点
[25/28] [chromium] › e2e/commands.spec.js:266:1 › 输入指令时点击停止按钮只停止回复，不执行指令
[26/28] [chromium] › e2e/commands.spec.js:278:3 › 默认 light 辅助文字与选择项对比度至少 4.5
[chromium] › e2e/commands.spec.js:278:3 › 默认 light 辅助文字与选择项对比度至少 4.5
{"scheme":"light","minimumContrast":4.939821813939516,"samples":[{"element":"empty-lede","ratio":7.7121110950021645,"size":16},{"element":"composer-hint","ratio":7.381139129902347,"size":12},{"element":"command-option-detail","ratio":4.939821813939516,"size":13.5},{"element":"command-option-detail","ratio":5.929444069809155,"size":13.5},{"element":"command-option-detail","ratio":5.929444069809155,"size":13.5},{"element":"command-option-detail","ratio":5.929444069809155,"size":13.5}]}

[27/28] [chromium] › e2e/commands.spec.js:278:3 › 默认 dark 辅助文字与选择项对比度至少 4.5
[chromium] › e2e/commands.spec.js:278:3 › 默认 dark 辅助文字与选择项对比度至少 4.5
{"scheme":"dark","minimumContrast":4.931967581150413,"samples":[{"element":"empty-lede","ratio":7.584950914841423,"size":16},{"element":"composer-hint","ratio":8.617882355640903,"size":12},{"element":"command-option-detail","ratio":4.931967581150413,"size":13.5},{"element":"command-option-detail","ratio":6.467924965792657,"size":13.5},{"element":"command-option-detail","ratio":6.467924965792657,"size":13.5},{"element":"command-option-detail","ratio":6.467924965792657,"size":13.5}]}

[28/28] [chromium] › e2e/commands.spec.js:303:1 › 录屏对齐：鼠标和键盘共用唯一活动行，二级当前值用勾选表达
  28 passed (18.2s)
