
> chentako@1.1.5 test
> vitest run test/theme.test.js test/tokens-consistency.test.js test/logo-shapes.test.js test/theme-package.test.js


 RUN  v3.2.7 /Users/qxc/Desktop/ai/coding-project/ChenTako

 ✓ test/logo-shapes.test.js (7 tests) 4ms
 ✓ test/tokens-consistency.test.js (6 tests) 16ms
 ✓ test/theme-package.test.js (8 tests) 5ms
 ❯ test/theme.test.js (16 tests | 1 failed) 9ms
   ✓ 主题契约 > 版本为 1，白名单包含双主题色板、效果与代码令牌 1ms
   ✓ 主题契约 > 合法定义通过并冻结 0ms
   ✓ 主题契约 > typefaces：缺省携带默认字体栈，合法值透传 0ms
   ✓ 主题契约 > typefaces：非法角色与非法字体栈被拒 1ms
   ✓ 主题契约 > 未知令牌被拒绝 0ms
   ✓ 主题契约 > 不安全 CSS 值被拒绝 0ms
   ✓ 主题契约 > 非法 ID / 缺失 preview 被拒绝 0ms
   ✓ 主题注册表 > 唯一默认主题是 Tako Festival · 章鱼烧祭，旧默认主题已不再注册 0ms
   ✓ 主题注册表 > 默认主题与首帧基线的身份色、行动色与虹彩令牌一致 0ms
   ✓ 主题注册表 > 源码主题顺序只包含 Tako Festival · 章鱼烧祭，用户主题排在其后 0ms
   ✓ 主题注册表 > Tako Festival · 章鱼烧祭 是独立双态主题，并完整采用主题包字体与配色 0ms
   × 主题注册表 > Tako Festival · 章鱼烧祭 主正文在明暗两态保持可读对比度 4ms
     → light --send-btn-pressed: expected 4.480699848568557 to be greater than or equal to 4.5
   ✓ 主题注册表 > 重复注册需 replace 0ms
   ✓ 旧主题迁移 > 旧固定场景、纸本、海盐与原默认 ID 统一映射到 Tako Festival · 章鱼烧祭 0ms
   ✓ 旧主题迁移 > 旧 appearanceMode 语义保留 0ms
   ✓ 旧主题迁移 > 已是新主题 ID 时不迁移 0ms

⎯⎯⎯⎯⎯⎯⎯ Failed Tests 1 ⎯⎯⎯⎯⎯⎯⎯

 FAIL  test/theme.test.js > 主题注册表 > Tako Festival · 章鱼烧祭 主正文在明暗两态保持可读对比度
AssertionError: light --send-btn-pressed: expected 4.480699848568557 to be greater than or equal to 4.5
 ❯ test/theme.test.js:218:93
    216|       }
    217|       for (const state of ["--send-btn", "--send-btn-hover", "--send-b…
    218|         expect(contrastRatio(tokens["--on-send-btn"], tokens[state]), …
       |                                                                                             ^
    219|       }
    220|       expect(contrastRatio(tokens["--on-user-bubble"], tokens["--user-…

⎯⎯⎯⎯⎯⎯⎯⎯⎯⎯⎯⎯⎯⎯⎯⎯⎯⎯⎯⎯⎯⎯⎯⎯[1/1]⎯


 Test Files  1 failed | 3 passed (4)
      Tests  1 failed | 36 passed (37)
   Start at  11:55:28
   Duration  832ms (transform 143ms, setup 20ms, collect 294ms, tests 35ms, environment 1.77s, prepare 261ms)

