
> ai-chatbox-structure-v2.0@1.1.5 test
> vitest run


 RUN  v3.2.7 /Users/qxc/Desktop/ai/coding-project/ai-chatbox-structure/v2.0

(node:39770) ExperimentalWarning: localStorage is not available because --localstorage-file was not provided.
(Use `node --trace-warnings ...` to show where the warning was created)
(node:39773) ExperimentalWarning: localStorage is not available because --localstorage-file was not provided.
(Use `node --trace-warnings ...` to show where the warning was created)
(node:39767) ExperimentalWarning: localStorage is not available because --localstorage-file was not provided.
(Use `node --trace-warnings ...` to show where the warning was created)
(node:39772) ExperimentalWarning: localStorage is not available because --localstorage-file was not provided.
(Use `node --trace-warnings ...` to show where the warning was created)
(node:39771) ExperimentalWarning: localStorage is not available because --localstorage-file was not provided.
(Use `node --trace-warnings ...` to show where the warning was created)
(node:39769) ExperimentalWarning: localStorage is not available because --localstorage-file was not provided.
(Use `node --trace-warnings ...` to show where the warning was created)
(node:39768) ExperimentalWarning: localStorage is not available because --localstorage-file was not provided.
(Use `node --trace-warnings ...` to show where the warning was created)
stderr | test/command-composer.test.ts > generic command composer coordination > uses registered actions without feature-specific routing
An update to Root inside a test was not wrapped in act(...).

When testing, code that causes React state updates should be wrapped into act(...):

act(() => {
  /* fire events that update state */
});
/* assert on the output */

This ensures that you're testing the behavior the user would see in the browser. Learn more at https://react.dev/link/wrap-tests-with-act

 ✓ test/stream-engine.test.ts (13 tests) 66ms
stderr | test/command-composer.test.ts > generic command composer coordination > uses registered actions without feature-specific routing
An update to Root inside a test was not wrapped in act(...).

When testing, code that causes React state updates should be wrapped into act(...):

act(() => {
  /* fire events that update state */
});
/* assert on the output */

This ensures that you're testing the behavior the user would see in the browser. Learn more at https://react.dev/link/wrap-tests-with-act

 ✓ test/toast-system.test.tsx (3 tests) 43ms
stderr | test/command-composer.test.ts > generic command composer coordination > does not clear a newer input even if the original text is typed again
An update to Root inside a test was not wrapped in act(...).

When testing, code that causes React state updates should be wrapped into act(...):

act(() => {
  /* fire events that update state */
});
/* assert on the output */

This ensures that you're testing the behavior the user would see in the browser. Learn more at https://react.dev/link/wrap-tests-with-act
An update to Root inside a test was not wrapped in act(...).

When testing, code that causes React state updates should be wrapped into act(...):

act(() => {
  /* fire events that update state */
});
/* assert on the output */

This ensures that you're testing the behavior the user would see in the browser. Learn more at https://react.dev/link/wrap-tests-with-act

stderr | test/command-composer.test.ts > generic command composer coordination > does not clear a newer input even if the original text is typed again
An update to Root inside a test was not wrapped in act(...).

When testing, code that causes React state updates should be wrapped into act(...):

act(() => {
  /* fire events that update state */
});
/* assert on the output */

This ensures that you're testing the behavior the user would see in the browser. Learn more at https://react.dev/link/wrap-tests-with-act

stderr | test/command-composer.test.ts > generic command composer coordination > does not display or clear results in another conversation
An update to Root inside a test was not wrapped in act(...).

When testing, code that causes React state updates should be wrapped into act(...):

act(() => {
  /* fire events that update state */
});
/* assert on the output */

This ensures that you're testing the behavior the user would see in the browser. Learn more at https://react.dev/link/wrap-tests-with-act

stderr | test/command-composer.test.ts > generic command composer coordination > does not display or clear results in another conversation
An update to Root inside a test was not wrapped in act(...).

When testing, code that causes React state updates should be wrapped into act(...):

act(() => {
  /* fire events that update state */
});
/* assert on the output */

This ensures that you're testing the behavior the user would see in the browser. Learn more at https://react.dev/link/wrap-tests-with-act

stderr | test/command-composer.test.ts > generic command composer coordination > handles exceptions without leaking text into ordinary submission
An update to Root inside a test was not wrapped in act(...).

When testing, code that causes React state updates should be wrapped into act(...):

act(() => {
  /* fire events that update state */
});
/* assert on the output */

This ensures that you're testing the behavior the user would see in the browser. Learn more at https://react.dev/link/wrap-tests-with-act

stderr | test/command-composer.test.ts > generic command composer coordination > handles exceptions without leaking text into ordinary submission
An update to Root inside a test was not wrapped in act(...).

When testing, code that causes React state updates should be wrapped into act(...):

act(() => {
  /* fire events that update state */
});
/* assert on the output */

This ensures that you're testing the behavior the user would see in the browser. Learn more at https://react.dev/link/wrap-tests-with-act

stderr | test/command-composer.test.ts > generic command composer coordination > marks unavailable commands without invoking their action
An update to Root inside a test was not wrapped in act(...).

When testing, code that causes React state updates should be wrapped into act(...):

act(() => {
  /* fire events that update state */
});
/* assert on the output */

This ensures that you're testing the behavior the user would see in the browser. Learn more at https://react.dev/link/wrap-tests-with-act

stderr | test/command-composer.test.ts > generic command composer coordination > marks unavailable commands without invoking their action
An update to Root inside a test was not wrapped in act(...).

When testing, code that causes React state updates should be wrapped into act(...):

act(() => {
  /* fire events that update state */
});
/* assert on the output */

This ensures that you're testing the behavior the user would see in the browser. Learn more at https://react.dev/link/wrap-tests-with-act

stderr | test/command-composer.test.ts > generic command composer coordination > preserves explicit selection identity and rejects it after navigation
An update to Root inside a test was not wrapped in act(...).

When testing, code that causes React state updates should be wrapped into act(...):

act(() => {
  /* fire events that update state */
});
/* assert on the output */

This ensures that you're testing the behavior the user would see in the browser. Learn more at https://react.dev/link/wrap-tests-with-act

stderr | test/command-composer.test.ts > generic command composer coordination > preserves explicit selection identity and rejects it after navigation
An update to Root inside a test was not wrapped in act(...).

When testing, code that causes React state updates should be wrapped into act(...):

act(() => {
  /* fire events that update state */
});
/* assert on the output */

This ensures that you're testing the behavior the user would see in the browser. Learn more at https://react.dev/link/wrap-tests-with-act

stderr | test/command-composer.test.ts > generic command composer coordination > preserves explicit selection identity and rejects it after navigation
An update to Root inside a test was not wrapped in act(...).

When testing, code that causes React state updates should be wrapped into act(...):

act(() => {
  /* fire events that update state */
});
/* assert on the output */

This ensures that you're testing the behavior the user would see in the browser. Learn more at https://react.dev/link/wrap-tests-with-act

stderr | test/command-composer.test.ts > does not clear a restored command after switching away and back during execution
An update to Root inside a test was not wrapped in act(...).

When testing, code that causes React state updates should be wrapped into act(...):

act(() => {
  /* fire events that update state */
});
/* assert on the output */

This ensures that you're testing the behavior the user would see in the browser. Learn more at https://react.dev/link/wrap-tests-with-act

stderr | test/command-composer.test.ts > ignores late results and removes listeners and panel on dispose
An update to Root inside a test was not wrapped in act(...).

When testing, code that causes React state updates should be wrapped into act(...):

act(() => {
  /* fire events that update state */
});
/* assert on the output */

This ensures that you're testing the behavior the user would see in the browser. Learn more at https://react.dev/link/wrap-tests-with-act

stderr | test/command-composer.test.ts > ignores late results and removes listeners and panel on dispose
An update to Root inside a test was not wrapped in act(...).

When testing, code that causes React state updates should be wrapped into act(...):

act(() => {
  /* fire events that update state */
});
/* assert on the output */

This ensures that you're testing the behavior the user would see in the browser. Learn more at https://react.dev/link/wrap-tests-with-act

 ✓ test/normalize.test.js (36 tests) 97ms
 ✓ test/command-composer.test.ts (8 tests) 81ms
 ✓ test/dialogs.test.tsx (4 tests) 105ms
(node:39790) ExperimentalWarning: localStorage is not available because --localstorage-file was not provided.
(Use `node --trace-warnings ...` to show where the warning was created)
(node:39789) ExperimentalWarning: localStorage is not available because --localstorage-file was not provided.
(Use `node --trace-warnings ...` to show where the warning was created)
(node:39792) ExperimentalWarning: localStorage is not available because --localstorage-file was not provided.
(Use `node --trace-warnings ...` to show where the warning was created)
(node:39791) ExperimentalWarning: localStorage is not available because --localstorage-file was not provided.
(Use `node --trace-warnings ...` to show where the warning was created)
(node:39795) ExperimentalWarning: localStorage is not available because --localstorage-file was not provided.
(Use `node --trace-warnings ...` to show where the warning was created)
 ✓ test/extensions.test.js (5 tests) 5ms
 ✓ test/stream-images.test.ts (3 tests) 21ms
 ✓ test/chat-config.test.js (12 tests) 23ms
stderr | test/storage.test.js > createStateArchive > IndexedDB 失败时 store 仍先写入可恢复的轻量设置备份
[Clawbox] 本地归档写入失败（配置依赖轻量备份恢复） Error: database unavailable
    at /Users/qxc/Desktop/ai/coding-project/ai-chatbox-structure/v2.0/test/storage.test.js:121:60

 ✓ test/projects.test.js (5 tests) 20ms
 ✓ test/storage.test.js (24 tests) 36ms
 ✓ test/knowledge.test.ts (9 tests) 73ms
(node:39799) ExperimentalWarning: localStorage is not available because --localstorage-file was not provided.
(Use `node --trace-warnings ...` to show where the warning was created)
(node:39800) ExperimentalWarning: localStorage is not available because --localstorage-file was not provided.
(Use `node --trace-warnings ...` to show where the warning was created)
(node:39802) ExperimentalWarning: localStorage is not available because --localstorage-file was not provided.
(Use `node --trace-warnings ...` to show where the warning was created)
(node:39801) ExperimentalWarning: localStorage is not available because --localstorage-file was not provided.
(Use `node --trace-warnings ...` to show where the warning was created)
(node:39803) ExperimentalWarning: localStorage is not available because --localstorage-file was not provided.
(Use `node --trace-warnings ...` to show where the warning was created)
 ✓ test/adapters.test.js (12 tests) 5ms
 ✓ test/skill-package.test.js (4 tests) 15ms
 ✓ test/react-shell.test.tsx (2 tests) 108ms
 ✓ test/tokens-consistency.test.js (6 tests) 15ms
 ✓ test/archive.test.js (9 tests) 26ms
 ✓ test/theme.test.js (16 tests) 16ms
(node:39809) ExperimentalWarning: localStorage is not available because --localstorage-file was not provided.
(Use `node --trace-warnings ...` to show where the warning was created)
stderr | test/user-theme.test.js > 用户主题本机持久化 > 启动恢复注册有效条目，损坏条目被跳过
[Clawbox Theme] 无法恢复自定义主题 broken：format 必须是 "clawbox-theme"；version 必须是 1 或 2；name（主题名字）必填；colors（各模块颜色）必填

 ✓ test/user-theme.test.js (31 tests) 10ms
(node:39814) ExperimentalWarning: localStorage is not available because --localstorage-file was not provided.
(Use `node --trace-warnings ...` to show where the warning was created)
(node:39817) ExperimentalWarning: localStorage is not available because --localstorage-file was not provided.
(Use `node --trace-warnings ...` to show where the warning was created)
(node:39813) ExperimentalWarning: localStorage is not available because --localstorage-file was not provided.
(Use `node --trace-warnings ...` to show where the warning was created)
(node:39819) ExperimentalWarning: localStorage is not available because --localstorage-file was not provided.
(Use `node --trace-warnings ...` to show where the warning was created)
 ✓ test/theme-package.test.js (7 tests) 5ms
 ✓ test/changelog.test.js (4 tests) 3ms
(node:39816) ExperimentalWarning: localStorage is not available because --localstorage-file was not provided.
(Use `node --trace-warnings ...` to show where the warning was created)
(node:39822) ExperimentalWarning: localStorage is not available because --localstorage-file was not provided.
(Use `node --trace-warnings ...` to show where the warning was created)
 ✓ test/provider-key-vault.test.ts (2 tests) 11ms
 ✓ test/theme-archive.test.js (6 tests) 16ms
 ✓ test/runtime-events.test.js (7 tests) 10ms
 ✓ test/commands.test.ts (23 tests) 7ms
(node:39826) ExperimentalWarning: localStorage is not available because --localstorage-file was not provided.
(Use `node --trace-warnings ...` to show where the warning was created)
 ✓ test/markdown.test.js (16 tests) 8ms
(node:39828) ExperimentalWarning: localStorage is not available because --localstorage-file was not provided.
(Use `node --trace-warnings ...` to show where the warning was created)
(node:39831) ExperimentalWarning: localStorage is not available because --localstorage-file was not provided.
(Use `node --trace-warnings ...` to show where the warning was created)
(node:39829) ExperimentalWarning: localStorage is not available because --localstorage-file was not provided.
(Use `node --trace-warnings ...` to show where the warning was created)
(node:39830) ExperimentalWarning: localStorage is not available because --localstorage-file was not provided.
(Use `node --trace-warnings ...` to show where the warning was created)
 ✓ test/message-rendering.test.js (7 tests) 7ms
 ✓ test/store-subscriptions.test.ts (3 tests) 6ms
 ✓ test/conversation-tree.test.js (8 tests) 6ms
(node:39836) ExperimentalWarning: localStorage is not available because --localstorage-file was not provided.
(Use `node --trace-warnings ...` to show where the warning was created)
 ✓ test/surface-appearance.test.js (4 tests) 7ms
(node:39838) ExperimentalWarning: localStorage is not available because --localstorage-file was not provided.
(Use `node --trace-warnings ...` to show where the warning was created)
 ✓ test/seed.test.js (14 tests) 4ms
 ✓ test/module-runtime.test.ts (7 tests) 6ms
(node:39842) ExperimentalWarning: localStorage is not available because --localstorage-file was not provided.
(Use `node --trace-warnings ...` to show where the warning was created)
 ✓ test/context-service.test.ts (3 tests) 4ms
(node:39844) ExperimentalWarning: localStorage is not available because --localstorage-file was not provided.
(Use `node --trace-warnings ...` to show where the warning was created)
(node:39845) ExperimentalWarning: localStorage is not available because --localstorage-file was not provided.
(Use `node --trace-warnings ...` to show where the warning was created)
(node:39846) ExperimentalWarning: localStorage is not available because --localstorage-file was not provided.
(Use `node --trace-warnings ...` to show where the warning was created)
 ✓ test/logo-shapes.test.js (6 tests) 3ms
 ✓ test/popover-markup.test.js (3 tests) 2ms
 ✓ test/chat-attachments.test.js (4 tests) 4ms
(node:39850) ExperimentalWarning: localStorage is not available because --localstorage-file was not provided.
(Use `node --trace-warnings ...` to show where the warning was created)
 ✓ test/project-actions.test.js (1 test) 5ms
(node:39853) ExperimentalWarning: localStorage is not available because --localstorage-file was not provided.
(Use `node --trace-warnings ...` to show where the warning was created)
 ✓ test/provider-models.test.js (5 tests) 3ms
(node:39852) ExperimentalWarning: localStorage is not available because --localstorage-file was not provided.
(Use `node --trace-warnings ...` to show where the warning was created)
 ✓ test/context-usage.test.js (8 tests) 3ms
(node:39856) ExperimentalWarning: localStorage is not available because --localstorage-file was not provided.
(Use `node --trace-warnings ...` to show where the warning was created)
 ✓ test/theme-loading.test.js (2 tests) 3ms
(node:39858) ExperimentalWarning: localStorage is not available because --localstorage-file was not provided.
(Use `node --trace-warnings ...` to show where the warning was created)
(node:39859) ExperimentalWarning: localStorage is not available because --localstorage-file was not provided.
(Use `node --trace-warnings ...` to show where the warning was created)
 ✓ test/relative-days.test.js (2 tests) 2ms
 ✓ test/theme-card.test.tsx (3 tests) 1ms

 Test Files  41 passed (41)
      Tests  347 passed (347)
   Start at  06:44:49
   Duration  3.99s (transform 1.18s, setup 118ms, collect 4.39s, tests 889ms, environment 12.74s, prepare 2.18s)

