[WebServer] (node:69406) Warning: The 'NO_COLOR' env is ignored due to the 'FORCE_COLOR' env being set.
[WebServer] (Use `node --trace-warnings ...` to show where the warning was created)


Running 93 tests using 1 worker

(node:69410) Warning: The 'NO_COLOR' env is ignored due to the 'FORCE_COLOR' env being set.
(Use `node --trace-warnings ...` to show where the warning was created)


[1/93] [chromium] › e2e/commands.spec.js:34:1 › 无模型也能使用帮助，未知指令不会发送，附件保留
[2/93] [chromium] › e2e/commands.spec.js:50:1 › 补全、中文搜索、参数选择、恢复跟随配置
[3/93] [chromium] › e2e/commands.spec.js:63:1 › 模型重名要求选择供应商，禁用模型隐藏，快捷参数与按钮一致
[4/93] [chromium] › e2e/commands.spec.js:81:1 › 部分模型名不会自动执行，无效参数保持输入
[5/93] [chromium] › e2e/commands.spec.js:92:1 › 压缩首次补全不执行，重复请求受阻，新草稿不会被清除
[6/93] [chromium] › e2e/commands.spec.js:108:1 › 空历史保留指令
[7/93] [chromium] › e2e/commands.spec.js:114:1 › 字面量、多行和正文斜杠进入普通消息，指令不进入 Prompt 或标题
[8/93] [chromium] › e2e/commands.spec.js:130:1 › 首次响应之后的生成期间配置修改只影响下一次请求，停止按钮保持原行为
[9/93] [chromium] › e2e/commands.spec.js:148:1 › 输入法确认不会执行指令，关闭和会话切换保留草稿
[10/93] [chromium] › e2e/commands.spec.js:162:3 › 指令面板 light 1280 无溢出且 panel 悬停稳定
[11/93] [chromium] › e2e/commands.spec.js:162:3 › 指令面板 light 1024 无溢出且 panel 悬停稳定
[12/93] [chromium] › e2e/commands.spec.js:162:3 › 指令面板 light 390 无溢出且 panel 悬停稳定
[13/93] [chromium] › e2e/commands.spec.js:162:3 › 指令面板 dark 1280 无溢出且 panel 悬停稳定
[14/93] [chromium] › e2e/commands.spec.js:162:3 › 指令面板 dark 1024 无溢出且 panel 悬停稳定
[15/93] [chromium] › e2e/commands.spec.js:162:3 › 指令面板 dark 390 无溢出且 panel 悬停稳定
[16/93] [chromium] › e2e/commands.spec.js:183:1 › 响应后压缩期间切换按钮模型，已发送请求和压缩仍使用原快照
[17/93] [chromium] › e2e/commands.spec.js:204:1 › 压缩失败保留指令和附件且不创建普通指令消息
[18/93] [chromium] › e2e/commands.spec.js:215:1 › 异步压缩完成后不修改其他会话草稿
[19/93] [chromium] › e2e/commands.spec.js:227:1 › 参数 Tab 只补全，方向键 Enter 选择，点击外部保留输入
[20/93] [chromium] › e2e/commands.spec.js:243:3 › 空状态 offline 准确引导
[21/93] [chromium] › e2e/commands.spec.js:243:3 › 空状态 unconfigured 准确引导
[22/93] [chromium] › e2e/commands.spec.js:243:3 › 空状态 ready 准确引导
[23/93] [chromium] › e2e/commands.spec.js:251:1 › 重名模型的显式选择列表可按 Enter 确认
[24/93] [chromium] › e2e/commands.spec.js:259:1 › 帮助支持键盘滚动并在 Escape 后恢复输入焦点
[25/93] [chromium] › e2e/commands.spec.js:267:1 › 输入指令时点击停止按钮只停止回复，不执行指令
[26/93] [chromium] › e2e/commands.spec.js:279:3 › 默认 light 辅助文字与选择项对比度至少 4.5
[chromium] › e2e/commands.spec.js:279:3 › 默认 light 辅助文字与选择项对比度至少 4.5
{"scheme":"light","minimumContrast":4.939821813939516,"samples":[{"element":"empty-lede","ratio":7.7121110950021645,"size":16},{"element":"composer-hint","ratio":7.381139129902347,"size":12},{"element":"command-option-detail","ratio":4.939821813939516,"size":13.5},{"element":"command-option-detail","ratio":5.929444069809155,"size":13.5},{"element":"command-option-detail","ratio":5.929444069809155,"size":13.5},{"element":"command-option-detail","ratio":5.929444069809155,"size":13.5}]}

[27/93] [chromium] › e2e/commands.spec.js:279:3 › 默认 dark 辅助文字与选择项对比度至少 4.5
[chromium] › e2e/commands.spec.js:279:3 › 默认 dark 辅助文字与选择项对比度至少 4.5
{"scheme":"dark","minimumContrast":4.931967581150413,"samples":[{"element":"empty-lede","ratio":7.584950914841423,"size":16},{"element":"composer-hint","ratio":8.617882355640903,"size":12},{"element":"command-option-detail","ratio":4.931967581150413,"size":13.5},{"element":"command-option-detail","ratio":6.467924965792657,"size":13.5},{"element":"command-option-detail","ratio":6.467924965792657,"size":13.5},{"element":"command-option-detail","ratio":6.467924965792657,"size":13.5}]}

[28/93] [chromium] › e2e/commands.spec.js:304:1 › 录屏对齐：鼠标和键盘共用唯一活动行，二级当前值用勾选表达
[29/93] [chromium] › e2e/knowledge.spec.js:36:1 › 大资料用量刷新不重复编码全文或复制请求，输入保持可用
[30/93] [chromium] › e2e/knowledge.spec.js:61:1 › 资料备份可恢复；取消恢复不改变项目资料
[31/93] [chromium] › e2e/knowledge.spec.js:80:1 › 全文预览安全，项目隔离，上传替换删除和刷新恢复
[32/93] [chromium] › e2e/knowledge.spec.js:101:1 › 每次正式请求完整注入，历史压缩请求不含项目资料
[33/93] [chromium] › e2e/knowledge.spec.js:123:38 › 缺失资料阻止发送且草稿保留
[34/93] [chromium] › e2e/knowledge.spec.js:123:38 › 固定资料超预算不发起自动压缩，附件和草稿保留
[35/93] [chromium] › e2e/knowledge.spec.js:135:80 › 资料界面 light 1280 无横向溢出
[36/93] [chromium] › e2e/knowledge.spec.js:135:80 › 资料界面 light 1024 无横向溢出
[37/93] [chromium] › e2e/knowledge.spec.js:135:80 › 资料界面 light 390 无横向溢出
[38/93] [chromium] › e2e/knowledge.spec.js:135:80 › 资料界面 dark 1280 无横向溢出
[39/93] [chromium] › e2e/knowledge.spec.js:135:80 › 资料界面 dark 1024 无横向溢出
[40/93] [chromium] › e2e/knowledge.spec.js:135:80 › 资料界面 dark 390 无横向溢出
[41/93] [chromium] › e2e/knowledge.spec.js:143:1 › 项目浮窗键盘、名称校验、删除取消和设置入口清理
[42/93] [chromium] › e2e/knowledge.spec.js:176:1 › 读取中关闭并打开其他项目，迟到的文件结果不能写入任何项目
[43/93] [chromium] › e2e/knowledge.spec.js:197:1 › 文件错误和双存储失败明确提示，当前资料仍可备份
[44/93] [chromium] › e2e/projects.spec.js:43:1 › 项目分类：分区、五条限制、搜索与折叠恢复
[45/93] [chromium] › e2e/projects.spec.js:68:1 › 项目管理：创建、移动、重命名、删除及刷新保留
[46/93] [chromium] › e2e/projects.spec.js:108:1 › 新建继承当前项目、显式跨项目及无项目；草稿和附件留在原聊天
[47/93] [chromium] › e2e/projects.spec.js:135:1 › 项目选择器键盘、长名称和移动端不溢出
[48/93] [chromium] › e2e/projects.spec.js:160:1 › 首次响应之后项目移动保留输入节点、附件、消息节点与正在生成的回复
[49/93] [chromium] › e2e/projects.spec.js:207:1 › 聊天菜单移动、项目内置顶与活动聊天超过五条时可见
[50/93] [chromium] › e2e/projects.spec.js:224:1 › 空白聊天带附件时不得复用，桌面和移动端项目列表布局
[51/93] [chromium] › e2e/response-policy.spec.js:23:40 › 响应结束自动压缩，首次标题并行且模型独立 非流式
[52/93] [chromium] › e2e/response-policy.spec.js:23:40 › 响应结束自动压缩，首次标题并行且模型独立 流式
[53/93] [chromium] › e2e/response-policy.spec.js:54:1 › 首次锁定菜单和模型指令，停止后解锁且不自动压缩
[54/93] [chromium] › e2e/response-policy.spec.js:73:1 › 首次报错解锁，低于阈值不压缩，重试/刷新/副本不再生成标题
[55/93] [chromium] › e2e/response-policy.spec.js:89:1 › 自动压缩失败保留回答和下一条草稿，不循环重试
[56/93] [chromium] › e2e/response-policy.spec.js:102:80 › 上下文策略三个控件与模型继承 1280 light
[57/93] [chromium] › e2e/response-policy.spec.js:102:80 › 上下文策略三个控件与模型继承 1024 light
[58/93] [chromium] › e2e/response-policy.spec.js:102:80 › 上下文策略三个控件与模型继承 390 light
[59/93] [chromium] › e2e/response-policy.spec.js:102:80 › 上下文策略三个控件与模型继承 1280 dark
[60/93] [chromium] › e2e/response-policy.spec.js:102:80 › 上下文策略三个控件与模型继承 1024 dark
[61/93] [chromium] › e2e/response-policy.spec.js:102:80 › 上下文策略三个控件与模型继承 390 dark
[62/93] [chromium] › e2e/response-policy.spec.js:120:1 › 持续滚动不延迟结束压缩，切换会话后摘要写回原对话
[63/93] [chromium] › e2e/response-policy.spec.js:152:1 › 标题晚于首次回答，手动改名优先且不阻塞下一次发送
[64/93] [chromium] › e2e/response-policy.spec.js:169:1 › 专用压缩模型失效不回退，不阻止原模型正常回答
[65/93] [chromium] › e2e/settings-context.spec.js:23:1 › 聊天配置保存、项目空提示词覆盖与继承、重启
[66/93] [chromium] › e2e/settings-context.spec.js:45:1 › 一级配置跨项目导航前自动保存，项目继承最新配置
[67/93] [chromium] › e2e/settings-context.spec.js:55:1 › 新请求使用项目配置而非供应商提示词
[68/93] [chromium] › e2e/settings-context.spec.js:69:1 › 响应结束达到阈值压缩全部已完成历史，包含最新回答
[69/93] [chromium] › e2e/settings-context.spec.js:83:1 › 响应后压缩失败保留历史，不无限重试
[70/93] [chromium] › e2e/settings-context.spec.js:96:1 › 升级默认重置与无密钥备份；模型编辑仅有额度
[71/93] [chromium] › e2e/settings-context.spec.js:112:1 › 设置搜索定位与所有分类无横向溢出
[72/93] [chromium] › e2e/settings-context.spec.js:126:3 › 设置分类 1024 宽度下分组、能力说明与页面宽度完整
[73/93] [chromium] › e2e/settings-context.spec.js:126:3 › 设置分类 390 宽度下分组、能力说明与页面宽度完整
[74/93] [chromium] › e2e/settings-context.spec.js:144:3 › 上下文设置视觉 1280 light
[75/93] [chromium] › e2e/settings-context.spec.js:144:3 › 上下文设置视觉 1024 dark
[76/93] [chromium] › e2e/settings-context.spec.js:144:3 › 上下文设置视觉 390 light
[77/93] [chromium] › e2e/settings-context.spec.js:156:1 › 项目浮窗不导航，独立上下文设置保留能力覆盖
[78/93] [chromium] › e2e/settings-context.spec.js:175:1 › 发送前超预算保留输入，工具栏思考强度可恢复继承
[79/93] [chromium] › e2e/settings-context.spec.js:193:1 › 低于阈值保留全部历史，不因轮数触发压缩
[80/93] [chromium] › e2e/stream-performance.spec.js:120:3 › 50KB Markdown 合帧与持久化预算
[chromium] › e2e/stream-performance.spec.js:120:3 › 50KB Markdown 合帧与持久化预算
{"fixture":"50KB Markdown","report":{"networkEvents":329,"storePublishes":0,"markdownRenders":0,"domCommits":0,"reactCommits":4,"persistenceWrites":2,"longTasks":1,"longestLongTask":65,"elapsedMs":558.7000000029802}}

[81/93] [chromium] › e2e/stream-performance.spec.js:120:3 › 100KB 代码 合帧与持久化预算
[chromium] › e2e/stream-performance.spec.js:120:3 › 100KB 代码 合帧与持久化预算
{"fixture":"100KB 代码","report":{"networkEvents":1029,"storePublishes":0,"markdownRenders":0,"domCommits":0,"reactCommits":4,"persistenceWrites":2,"longTasks":1,"longestLongTask":66,"elapsedMs":567.6000000014901}}

[82/93] [chromium] › e2e/stream-performance.spec.js:148:1 › 持续流式输出时优先处理用户上滚，停止手势后补绘最新内容
[83/93] [chromium] › e2e/stream-performance.spec.js:192:1 › 滚动手势覆盖流结束时，终态完整提交且保持阅读位置
[84/93] [chromium] › e2e/temporary-conversation.spec.js:16:1 › 新建不入历史，反复新建、指令和切换保留临时草稿附件，首次发送才加入
[85/93] [chromium] › e2e/temporary-conversation.spec.js:36:1 › 刷新恢复待发送草稿且不加入历史
[86/93] [chromium] › e2e/temporary-conversation.spec.js:41:1 › 前置校验失败不加入且保留输入
[87/93] [chromium] › e2e/temporary-conversation.spec.js:46:1 › 项目内待发送会话首次发言后进入该项目，HTTP 错误不撤回历史
[88/93] [chromium] › e2e/temporary-conversation.spec.js:59:3 › 待发送界面 light 1280 不增加历史且无横向溢出
[89/93] [chromium] › e2e/temporary-conversation.spec.js:59:3 › 待发送界面 light 1024 不增加历史且无横向溢出
[90/93] [chromium] › e2e/temporary-conversation.spec.js:59:3 › 待发送界面 light 390 不增加历史且无横向溢出
[91/93] [chromium] › e2e/temporary-conversation.spec.js:59:3 › 待发送界面 dark 1280 不增加历史且无横向溢出
[92/93] [chromium] › e2e/temporary-conversation.spec.js:59:3 › 待发送界面 dark 1024 不增加历史且无横向溢出
[93/93] [chromium] › e2e/temporary-conversation.spec.js:59:3 › 待发送界面 dark 390 不增加历史且无横向溢出
  93 passed (1.4m)
