

Running 3 tests using 1 worker



[1/3] [chromium] › e2e/settings-context.spec.js:144:3 › 上下文设置视觉 1280 light
  1) [chromium] › e2e/settings-context.spec.js:144:3 › 上下文设置视觉 1280 light ──────────────────────────

    Error: expect(page).toHaveScreenshot(expected) failed

      18399 pixels (ratio 0.02 of all image pixels) are different.

      Snapshot: context-1280-light.png

    Call log:
      - Expect "toHaveScreenshot(context-1280-light.png)" with timeout 5000ms
        - verifying given screenshot expectation
      - taking page screenshot
        - disabled all CSS animations
      - waiting for fonts to load...
      - fonts loaded
      - 18399 pixels (ratio 0.02 of all image pixels) are different.
      - waiting 100ms before taking screenshot
      - taking page screenshot
        - disabled all CSS animations
      - waiting for fonts to load...
      - fonts loaded
      - captured a stable screenshot
      - 18399 pixels (ratio 0.02 of all image pixels) are different.


      147 |     await expect(page.locator("#cc-systemPrompt")).toBeVisible();
      148 |     await page.evaluate(() => document.fonts.ready);
    > 149 |     await expect(page).toHaveScreenshot(`context-${width}-${scheme}.png`, { animations: "disabled", caret: "hide" });
          |                        ^
      150 |     expect(await page.evaluate(() => document.documentElement.scrollWidth <= innerWidth)).toBe(true);
      151 |     await page.locator("#context-budget").scrollIntoViewIfNeeded();
      152 |     await expect(page.locator("#context-budget")).toHaveScreenshot(`context-budget-${width}-${scheme}.png`, { animations: "disabled", caret: "hide" });
        at /Users/qxc/Desktop/ai/coding-project/ai-chatbox-structure/v2.0/e2e/settings-context.spec.js:149:24

    attachment #1: context-1280-light (image/png) ──────────────────────────────────────────────────
    Expected: e2e/settings-context.spec.js-snapshots/context-1280-light-chromium-darwin.png
    Received: test-results/settings-context-上下文设置视觉-1280-light-chromium/context-1280-light-actual.png
    Diff:     test-results/settings-context-上下文设置视觉-1280-light-chromium/context-1280-light-diff.png
    ────────────────────────────────────────────────────────────────────────────────────────────────

    Error Context: test-results/settings-context-上下文设置视觉-1280-light-chromium/error-context.md




[2/3] [chromium] › e2e/settings-context.spec.js:144:3 › 上下文设置视觉 1024 dark
  2) [chromium] › e2e/settings-context.spec.js:144:3 › 上下文设置视觉 1024 dark ───────────────────────────

    Error: expect(page).toHaveScreenshot(expected) failed

      15406 pixels (ratio 0.02 of all image pixels) are different.

      Snapshot: context-1024-dark.png

    Call log:
      - Expect "toHaveScreenshot(context-1024-dark.png)" with timeout 5000ms
        - verifying given screenshot expectation
      - taking page screenshot
        - disabled all CSS animations
      - waiting for fonts to load...
      - fonts loaded
      - 15406 pixels (ratio 0.02 of all image pixels) are different.
      - waiting 100ms before taking screenshot
      - taking page screenshot
        - disabled all CSS animations
      - waiting for fonts to load...
      - fonts loaded
      - captured a stable screenshot
      - 15406 pixels (ratio 0.02 of all image pixels) are different.


      147 |     await expect(page.locator("#cc-systemPrompt")).toBeVisible();
      148 |     await page.evaluate(() => document.fonts.ready);
    > 149 |     await expect(page).toHaveScreenshot(`context-${width}-${scheme}.png`, { animations: "disabled", caret: "hide" });
          |                        ^
      150 |     expect(await page.evaluate(() => document.documentElement.scrollWidth <= innerWidth)).toBe(true);
      151 |     await page.locator("#context-budget").scrollIntoViewIfNeeded();
      152 |     await expect(page.locator("#context-budget")).toHaveScreenshot(`context-budget-${width}-${scheme}.png`, { animations: "disabled", caret: "hide" });
        at /Users/qxc/Desktop/ai/coding-project/ai-chatbox-structure/v2.0/e2e/settings-context.spec.js:149:24

    attachment #1: context-1024-dark (image/png) ───────────────────────────────────────────────────
    Expected: e2e/settings-context.spec.js-snapshots/context-1024-dark-chromium-darwin.png
    Received: test-results/settings-context-上下文设置视觉-1024-dark-chromium/context-1024-dark-actual.png
    Diff:     test-results/settings-context-上下文设置视觉-1024-dark-chromium/context-1024-dark-diff.png
    ────────────────────────────────────────────────────────────────────────────────────────────────

    Error Context: test-results/settings-context-上下文设置视觉-1024-dark-chromium/error-context.md




[3/3] [chromium] › e2e/settings-context.spec.js:144:3 › 上下文设置视觉 390 light
  3) [chromium] › e2e/settings-context.spec.js:144:3 › 上下文设置视觉 390 light ───────────────────────────

    Error: expect(page).toHaveScreenshot(expected) failed

      14673 pixels (ratio 0.05 of all image pixels) are different.

      Snapshot: context-390-light.png

    Call log:
      - Expect "toHaveScreenshot(context-390-light.png)" with timeout 5000ms
        - verifying given screenshot expectation
      - taking page screenshot
        - disabled all CSS animations
      - waiting for fonts to load...
      - fonts loaded
      - 14673 pixels (ratio 0.05 of all image pixels) are different.
      - waiting 100ms before taking screenshot
      - taking page screenshot
        - disabled all CSS animations
      - waiting for fonts to load...
      - fonts loaded
      - captured a stable screenshot
      - 14673 pixels (ratio 0.05 of all image pixels) are different.


      147 |     await expect(page.locator("#cc-systemPrompt")).toBeVisible();
      148 |     await page.evaluate(() => document.fonts.ready);
    > 149 |     await expect(page).toHaveScreenshot(`context-${width}-${scheme}.png`, { animations: "disabled", caret: "hide" });
          |                        ^
      150 |     expect(await page.evaluate(() => document.documentElement.scrollWidth <= innerWidth)).toBe(true);
      151 |     await page.locator("#context-budget").scrollIntoViewIfNeeded();
      152 |     await expect(page.locator("#context-budget")).toHaveScreenshot(`context-budget-${width}-${scheme}.png`, { animations: "disabled", caret: "hide" });
        at /Users/qxc/Desktop/ai/coding-project/ai-chatbox-structure/v2.0/e2e/settings-context.spec.js:149:24

    attachment #1: context-390-light (image/png) ───────────────────────────────────────────────────
    Expected: e2e/settings-context.spec.js-snapshots/context-390-light-chromium-darwin.png
    Received: test-results/settings-context-上下文设置视觉-390-light-chromium/context-390-light-actual.png
    Diff:     test-results/settings-context-上下文设置视觉-390-light-chromium/context-390-light-diff.png
    ────────────────────────────────────────────────────────────────────────────────────────────────

    Error Context: test-results/settings-context-上下文设置视觉-390-light-chromium/error-context.md


  3 failed
    [chromium] › e2e/settings-context.spec.js:144:3 › 上下文设置视觉 1280 light ───────────────────────────
    [chromium] › e2e/settings-context.spec.js:144:3 › 上下文设置视觉 1024 dark ────────────────────────────
    [chromium] › e2e/settings-context.spec.js:144:3 › 上下文设置视觉 390 light ────────────────────────────
[WebServer] (node:68762) Warning: The 'NO_COLOR' env is ignored due to the 'FORCE_COLOR' env being set.
[WebServer] (Use `node --trace-warnings ...` to show where the warning was created)
(node:68765) Warning: The 'NO_COLOR' env is ignored due to the 'FORCE_COLOR' env being set.
(Use `node --trace-warnings ...` to show where the warning was created)
(node:68784) Warning: The 'NO_COLOR' env is ignored due to the 'FORCE_COLOR' env being set.
(Use `node --trace-warnings ...` to show where the warning was created)
(node:68810) Warning: The 'NO_COLOR' env is ignored due to the 'FORCE_COLOR' env being set.
(Use `node --trace-warnings ...` to show where the warning was created)
