
> chentako@1.1.5 test:e2e
> playwright test e2e/chentako-brand.spec.js e2e/app.spec.js --grep ChenTako 品牌|Tako Festival|主题明暗切换|外观主题卡|主题 JSON：|JSON 主题文件：|主题界面字体|外观：纯色|代码块按暖调

[WebServer] (node:98146) Warning: The 'NO_COLOR' env is ignored due to the 'FORCE_COLOR' env being set.
[WebServer] (Use `node --trace-warnings ...` to show where the warning was created)

Running 16 tests using 1 worker

(node:98151) Warning: The 'NO_COLOR' env is ignored due to the 'FORCE_COLOR' env being set.
(Use `node --trace-warnings ...` to show where the warning was created)
  ✓   1 [chromium] › e2e/app.spec.js:686:1 › 代码块按暖调主题配色渲染 (1.1s)
  ✓   2 [chromium] › e2e/app.spec.js:1100:1 › Tako Festival · 章鱼烧祭：主题包令牌与纯色外观完整生效 (485ms)
  ✘   3 [chromium] › e2e/app.spec.js:1337:1 › 主题明暗切换自动换色 (518ms)
(node:98181) Warning: The 'NO_COLOR' env is ignored due to the 'FORCE_COLOR' env being set.
(Use `node --trace-warnings ...` to show where the warning was created)
  ✓   4 [chromium] › e2e/app.spec.js:1356:1 › 设置：外观主题卡与自定义导入入口 (790ms)
  ✓   5 [chromium] › e2e/app.spec.js:1399:1 › Tako Festival · 章鱼烧祭 在减少动态模式下完全不创建动效层 (373ms)
  ✓   6 [chromium] › e2e/app.spec.js:1407:1 › Tako Festival · 章鱼烧祭 窄屏安全回退：无横向溢出或素材遮挡 (497ms)
  ✓   7 [chromium] › e2e/app.spec.js:1431:1 › JSON 主题文件：导出当前主题并重新导入应用 (567ms)
  ✘   8 [chromium] › e2e/app.spec.js:1459:1 › 主题 JSON：更新默认主题、重启恢复并删除自定义变体 (680ms)
(node:98209) Warning: The 'NO_COLOR' env is ignored due to the 'FORCE_COLOR' env being set.
(Use `node --trace-warnings ...` to show where the warning was created)
  ✓   9 [chromium] › e2e/app.spec.js:1528:1 › 主题界面字体：导入 typefaces 主题后字体令牌生效，删除后恢复默认 (668ms)
  ✓  10 [chromium] › e2e/app.spec.js:1567:1 › 外观：纯色背景、对比度与透景模式 (754ms)
  ✓  11 [chromium] › e2e/chentako-brand.spec.js:7:5 › ChenTako 品牌 light 1280 (756ms)
  ✓  12 [chromium] › e2e/chentako-brand.spec.js:7:5 › ChenTako 品牌 light 1024 (726ms)
  ✓  13 [chromium] › e2e/chentako-brand.spec.js:7:5 › ChenTako 品牌 light 390 (779ms)
  ✓  14 [chromium] › e2e/chentako-brand.spec.js:7:5 › ChenTako 品牌 dark 1280 (738ms)
  ✓  15 [chromium] › e2e/chentako-brand.spec.js:7:5 › ChenTako 品牌 dark 1024 (802ms)
  ✓  16 [chromium] › e2e/chentako-brand.spec.js:7:5 › ChenTako 品牌 dark 390 (769ms)


  1) [chromium] › e2e/app.spec.js:1337:1 › 主题明暗切换自动换色 ──────────────────────────────────────────────

    Error: expect(received).toBe(expected) // Object.is equality

    Expected: "#202629"
    Received: "#261912"

      1351 |   // 代码框令牌也随明暗切换（独立暖调家族色）
      1352 |   const codeBg = await page.evaluate(() => getComputedStyle(document.documentElement).getPropertyValue("--code-bg").trim());
    > 1353 |   expect(codeBg).toBe("#202629");
           |                  ^
      1354 | });
      1355 |
      1356 | test("设置：外观主题卡与自定义导入入口", async ({ page }) => {
        at /Users/qxc/Desktop/ai/coding-project/ChenTako/e2e/app.spec.js:1353:18

    Error Context: test-results/app-主题明暗切换自动换色-chromium/error-context.md

  2) [chromium] › e2e/app.spec.js:1459:1 › 主题 JSON：更新默认主题、重启恢复并删除自定义变体 ─────────────────────────────

    Error: expect(received).toBe(expected) // Object.is equality

    Expected: "rgba(92,106,114,0.18)"
    Received: "rgba(131,65,37,0.18)"

      1476 |   expect(accent).toBe("#CB401C");
      1477 |   const separator = await page.evaluate(() => getComputedStyle(document.documentElement).getPropertyValue("--separator").trim());
    > 1478 |   expect(separator).toBe("rgba(92,106,114,0.18)");
           |                     ^
      1479 |   const effectTokens = await page.evaluate(() => ({
      1480 |     overlay: getComputedStyle(document.documentElement).getPropertyValue("--overlay-scrim").trim(),
      1481 |     group: getComputedStyle(document.documentElement).getPropertyValue("--group-color-5").trim()
        at /Users/qxc/Desktop/ai/coding-project/ChenTako/e2e/app.spec.js:1478:21

    Error Context: test-results/app-主题-JSON：更新默认主题、重启恢复并删除自定义变体-chromium/error-context.md

  2 failed
    [chromium] › e2e/app.spec.js:1337:1 › 主题明暗切换自动换色 ───────────────────────────────────────────────
    [chromium] › e2e/app.spec.js:1459:1 › 主题 JSON：更新默认主题、重启恢复并删除自定义变体 ──────────────────────────────
  14 passed (14.5s)
