[WebServer] (node:40956) Warning: The 'NO_COLOR' env is ignored due to the 'FORCE_COLOR' env being set.
[WebServer] (Use `node --trace-warnings ...` to show where the warning was created)


Running 27 tests using 1 worker

(node:40958) Warning: The 'NO_COLOR' env is ignored due to the 'FORCE_COLOR' env being set.
(Use `node --trace-warnings ...` to show where the warning was created)


[1/27] [chromium] › e2e/commands.spec.js:34:1 › 无模型也能使用帮助，未知指令不会发送，附件保留
[2/27] [chromium] › e2e/commands.spec.js:50:1 › 补全、中文搜索、参数选择、恢复跟随配置
[3/27] [chromium] › e2e/commands.spec.js:63:1 › 模型重名要求选择供应商，禁用模型隐藏，快捷参数与按钮一致
[4/27] [chromium] › e2e/commands.spec.js:81:1 › 部分模型名不会自动执行，无效参数保持输入
[5/27] [chromium] › e2e/commands.spec.js:92:1 › 压缩首次补全不执行，重复请求受阻，新草稿不会被清除
[6/27] [chromium] › e2e/commands.spec.js:108:1 › 空历史保留指令
[7/27] [chromium] › e2e/commands.spec.js:114:1 › 字面量、多行和正文斜杠进入普通消息，指令不进入 Prompt 或标题
[8/27] [chromium] › e2e/commands.spec.js:130:1 › 生成期间配置修改只影响下一次请求，停止按钮保持原行为
[9/27] [chromium] › e2e/commands.spec.js:148:1 › 输入法确认不会执行指令，关闭和会话切换保留草稿
[10/27] [chromium] › e2e/commands.spec.js:162:3 › 指令面板 light 1280 无溢出且 panel 悬停稳定
[11/27] [chromium] › e2e/commands.spec.js:162:3 › 指令面板 light 1024 无溢出且 panel 悬停稳定
[12/27] [chromium] › e2e/commands.spec.js:162:3 › 指令面板 light 390 无溢出且 panel 悬停稳定
[13/27] [chromium] › e2e/commands.spec.js:162:3 › 指令面板 dark 1280 无溢出且 panel 悬停稳定
[14/27] [chromium] › e2e/commands.spec.js:162:3 › 指令面板 dark 1024 无溢出且 panel 悬停稳定
[15/27] [chromium] › e2e/commands.spec.js:162:3 › 指令面板 dark 390 无溢出且 panel 悬停稳定
[16/27] [chromium] › e2e/commands.spec.js:181:1 › 发送准备时切换按钮模型，自动压缩和随后发送仍使用原请求快照
[17/27] [chromium] › e2e/commands.spec.js:202:1 › 压缩失败保留指令和附件且不创建普通指令消息
[18/27] [chromium] › e2e/commands.spec.js:213:1 › 异步压缩完成后不修改其他会话草稿
[19/27] [chromium] › e2e/commands.spec.js:225:1 › 参数 Tab 只补全，方向键 Enter 选择，点击外部保留输入
[20/27] [chromium] › e2e/commands.spec.js:241:3 › 空状态 offline 准确引导
[21/27] [chromium] › e2e/commands.spec.js:241:3 › 空状态 unconfigured 准确引导
[22/27] [chromium] › e2e/commands.spec.js:241:3 › 空状态 ready 准确引导
[23/27] [chromium] › e2e/commands.spec.js:249:1 › 重名模型的显式选择列表可按 Enter 确认
[24/27] [chromium] › e2e/commands.spec.js:257:1 › 帮助支持键盘滚动并在 Escape 后恢复输入焦点
[25/27] [chromium] › e2e/commands.spec.js:265:1 › 输入指令时点击停止按钮只停止回复，不执行指令
[26/27] [chromium] › e2e/commands.spec.js:277:3 › 默认 light 辅助文字与选择项对比度至少 4.5
[chromium] › e2e/commands.spec.js:277:3 › 默认 light 辅助文字与选择项对比度至少 4.5
{"scheme":"light","minimumContrast":6.367243052544299,"samples":[{"element":"empty-lede","ratio":7.7121110950021645,"size":16},{"element":"composer-hint","ratio":7.381139129902347,"size":12},{"element":"command-option-detail","ratio":6.367243052544299,"size":13.5},{"element":"command-option-detail","ratio":7.7121110950021645,"size":13.5},{"element":"command-option-detail","ratio":7.7121110950021645,"size":13.5},{"element":"command-option-detail","ratio":7.7121110950021645,"size":13.5},{"element":"command-panel-hint","ratio":7.7121110950021645,"size":12}]}

[27/27] [chromium] › e2e/commands.spec.js:277:3 › 默认 dark 辅助文字与选择项对比度至少 4.5
[chromium] › e2e/commands.spec.js:277:3 › 默认 dark 辅助文字与选择项对比度至少 4.5
{"scheme":"dark","minimumContrast":6.096882344009098,"samples":[{"element":"empty-lede","ratio":7.584950914841423,"size":16},{"element":"composer-hint","ratio":8.617882355640903,"size":12},{"element":"command-option-detail","ratio":6.096882344009098,"size":13.5},{"element":"command-option-detail","ratio":7.584950914841423,"size":13.5},{"element":"command-option-detail","ratio":7.584950914841423,"size":13.5},{"element":"command-option-detail","ratio":7.584950914841423,"size":13.5},{"element":"command-panel-hint","ratio":7.584950914841423,"size":12}]}

  27 passed (17.7s)
